Archive member included to satisfy reference by file (symbol)

c:/program files (x86)/atmel/studio/7.0/toolchain/avr8/avr8-gnu-toolchain/bin/../lib/gcc/avr/5.4.0/avr5\libgcc.a(_exit.o)
                              C:/Program Files (x86)/Atmel/Studio/7.0/Packs/atmel/ATmega_DFP/1.2.132/gcc/dev/atmega16/avr5/crtatmega16.o (exit)
c:/program files (x86)/atmel/studio/7.0/toolchain/avr8/avr8-gnu-toolchain/bin/../lib/gcc/avr/5.4.0/avr5\libgcc.a(_tablejump2.o)
                              src/apps/Fredi/fredi.o (__tablejump2__)
c:/program files (x86)/atmel/studio/7.0/toolchain/avr8/avr8-gnu-toolchain/bin/../lib/gcc/avr/5.4.0/avr5\libgcc.a(_copy_data.o)
                              src/apps/Fredi/fredi.o (__do_copy_data)
c:/program files (x86)/atmel/studio/7.0/toolchain/avr8/avr8-gnu-toolchain/bin/../lib/gcc/avr/5.4.0/avr5\libgcc.a(_clear_bss.o)
                              src/apps/Fredi/fredi.o (__do_clear_bss)
c:/program files (x86)/atmel/studio/7.0/toolchain/avr8/avr8-gnu-toolchain/bin/../lib/gcc/avr/5.4.0/../../../../avr/lib/avr5\libc.a(memcpy.o)
                              src/loconet/ln_buf.o (memcpy)
C:/Program Files (x86)/Atmel/Studio/7.0/Packs/atmel/ATmega_DFP/1.2.132/gcc/dev/atmega16/avr5\libatmega16.a(eerd_byte.o)
                              src/apps/Fredi/fredi.o (eeprom_read_byte)
C:/Program Files (x86)/Atmel/Studio/7.0/Packs/atmel/ATmega_DFP/1.2.132/gcc/dev/atmega16/avr5\libatmega16.a(eewr_byte.o)
                              src/apps/Fredi/fredi.o (eeprom_write_byte)

Allocating common symbols
Common symbol       size              file

lnTxSuccess         0x1               src/avr-base/ln_sw_uart.o
lnTxIndex           0x1               src/avr-base/ln_sw_uart.o
lnTxLength          0x1               src/avr-base/ln_sw_uart.o
MessageTimer        0x7               src/apps/Fredi/fredi.o
IncrementTimer      0x7               src/apps/Fredi/fredi.o
lnCurrentByte       0x1               src/avr-base/ln_sw_uart.o
LEDTimer            0x7               src/apps/Fredi/fredi.o
KeyTimer            0x7               src/apps/Fredi/fredi.o
lnCompareTarget     0x2               src/avr-base/ln_sw_uart.o
lnRxBuffer          0x2               src/avr-base/ln_sw_uart.o
RxPacket            0x2               src/apps/Fredi/fredi.o
rSlot               0xe               src/apps/Fredi/fredi.o
RxBuffer            0x8c              src/apps/Fredi/fredi.o
ReleaseStopTimer    0x7               src/apps/Fredi/fredi.o
lnState             0x1               src/avr-base/ln_sw_uart.o
TxPacket            0x10              src/apps/Fredi/fredi.o
lnBitCount          0x1               src/avr-base/ln_sw_uart.o
lnTxData            0x2               src/avr-base/ln_sw_uart.o

Discarded input sections

 .data          0x00000000        0x0 C:/Program Files (x86)/Atmel/Studio/7.0/Packs/atmel/ATmega_DFP/1.2.132/gcc/dev/atmega16/avr5/crtatmega16.o
 .bss           0x00000000        0x0 C:/Program Files (x86)/Atmel/Studio/7.0/Packs/atmel/ATmega_DFP/1.2.132/gcc/dev/atmega16/avr5/crtatmega16.o
 .group         0x00000000        0x8 src/apps/Fredi/fredi.o
 .group         0x00000000        0x8 src/apps/Fredi/fredi.o
 .group         0x00000000        0x8 src/apps/Fredi/fredi.o
 .group         0x00000000        0x8 src/apps/Fredi/fredi.o
 .group         0x00000000        0x8 src/apps/Fredi/fredi.o
 .group         0x00000000        0x8 src/apps/Fredi/fredi.o
 .group         0x00000000        0x8 src/apps/Fredi/fredi.o
 .group         0x00000000        0x8 src/apps/Fredi/fredi.o
 .group         0x00000000        0x8 src/apps/Fredi/fredi.o
 .group         0x00000000        0x8 src/apps/Fredi/fredi.o
 .group         0x00000000        0x8 src/apps/Fredi/fredi.o
 .group         0x00000000        0x8 src/apps/Fredi/fredi.o
 .group         0x00000000        0x8 src/apps/Fredi/fredi.o
 .group         0x00000000        0x8 src/apps/Fredi/fredi.o
 .group         0x00000000        0x8 src/apps/Fredi/fredi.o
 .group         0x00000000        0x8 src/apps/Fredi/fredi.o
 .group         0x00000000        0x8 src/apps/Fredi/fredi.o
 .group         0x00000000        0x8 src/apps/Fredi/fredi.o
 .group         0x00000000        0x8 src/apps/Fredi/fredi.o
 .group         0x00000000        0x8 src/apps/Fredi/fredi.o
 .text          0x00000000        0x0 src/apps/Fredi/fredi.o
 .data          0x00000000        0x0 src/apps/Fredi/fredi.o
 .bss           0x00000000        0x0 src/apps/Fredi/fredi.o
 .bss.bNewState
                0x00000000        0x1 src/apps/Fredi/fredi.o
 .group         0x00000000        0x8 src/apps/Fredi/fuses.o
 .text          0x00000000        0x0 src/apps/Fredi/fuses.o
 .data          0x00000000        0x0 src/apps/Fredi/fuses.o
 .bss           0x00000000        0x0 src/apps/Fredi/fuses.o
 lfuses         0x00000000        0x1 src/apps/Fredi/fuses.o
 hfuses         0x00000000        0x1 src/apps/Fredi/fuses.o
 .debug_info    0x00000000       0x4d src/apps/Fredi/fuses.o
 .debug_abbrev  0x00000000       0x2f src/apps/Fredi/fuses.o
 .debug_aranges
                0x00000000       0x18 src/apps/Fredi/fuses.o
 .debug_macro   0x00000000       0x83 src/apps/Fredi/fuses.o
 .debug_macro   0x00000000      0xa4e src/apps/Fredi/fuses.o
 .debug_line    0x00000000       0x37 src/apps/Fredi/fuses.o
 .debug_str     0x00000000     0x2c52 src/apps/Fredi/fuses.o
 .comment       0x00000000       0x31 src/apps/Fredi/fuses.o
 .group         0x00000000        0x8 src/apps/Fredi/potAdc.o
 .group         0x00000000        0x8 src/apps/Fredi/potAdc.o
 .group         0x00000000        0x8 src/apps/Fredi/potAdc.o
 .group         0x00000000        0x8 src/apps/Fredi/potAdc.o
 .group         0x00000000        0x8 src/apps/Fredi/potAdc.o
 .group         0x00000000        0x8 src/apps/Fredi/potAdc.o
 .group         0x00000000        0x8 src/apps/Fredi/potAdc.o
 .group         0x00000000        0x8 src/apps/Fredi/potAdc.o
 .group         0x00000000        0x8 src/apps/Fredi/potAdc.o
 .group         0x00000000        0x8 src/apps/Fredi/potAdc.o
 .group         0x00000000        0x8 src/apps/Fredi/potAdc.o
 .group         0x00000000        0x8 src/apps/Fredi/potAdc.o
 .group         0x00000000        0x8 src/apps/Fredi/potAdc.o
 .group         0x00000000        0x8 src/apps/Fredi/potAdc.o
 .group         0x00000000        0x8 src/apps/Fredi/potAdc.o
 .text          0x00000000        0x0 src/apps/Fredi/potAdc.o
 .data          0x00000000        0x0 src/apps/Fredi/potAdc.o
 .bss           0x00000000        0x0 src/apps/Fredi/potAdc.o
 .debug_macro   0x00000000      0xa4e src/apps/Fredi/potAdc.o
 .debug_macro   0x00000000      0x1c9 src/apps/Fredi/potAdc.o
 .debug_macro   0x00000000       0x10 src/apps/Fredi/potAdc.o
 .debug_macro   0x00000000      0x302 src/apps/Fredi/potAdc.o
 .debug_macro   0x00000000       0x9e src/apps/Fredi/potAdc.o
 .debug_macro   0x00000000      0xc0a src/apps/Fredi/potAdc.o
 .debug_macro   0x00000000      0x170 src/apps/Fredi/potAdc.o
 .debug_macro   0x00000000       0xbd src/apps/Fredi/potAdc.o
 .debug_macro   0x00000000       0x34 src/apps/Fredi/potAdc.o
 .debug_macro   0x00000000       0x18 src/apps/Fredi/potAdc.o
 .debug_macro   0x00000000       0x6c src/apps/Fredi/potAdc.o
 .debug_macro   0x00000000      0x327 src/apps/Fredi/potAdc.o
 .group         0x00000000        0x8 src/avr-base/ln_sw_uart.o
 .group         0x00000000        0x8 src/avr-base/ln_sw_uart.o
 .group         0x00000000        0x8 src/avr-base/ln_sw_uart.o
 .group         0x00000000        0x8 src/avr-base/ln_sw_uart.o
 .group         0x00000000        0x8 src/avr-base/ln_sw_uart.o
 .group         0x00000000        0x8 src/avr-base/ln_sw_uart.o
 .group         0x00000000        0x8 src/avr-base/ln_sw_uart.o
 .group         0x00000000        0x8 src/avr-base/ln_sw_uart.o
 .group         0x00000000        0x8 src/avr-base/ln_sw_uart.o
 .group         0x00000000        0x8 src/avr-base/ln_sw_uart.o
 .group         0x00000000        0x8 src/avr-base/ln_sw_uart.o
 .group         0x00000000        0x8 src/avr-base/ln_sw_uart.o
 .group         0x00000000        0x8 src/avr-base/ln_sw_uart.o
 .group         0x00000000        0x8 src/avr-base/ln_sw_uart.o
 .group         0x00000000        0x8 src/avr-base/ln_sw_uart.o
 .group         0x00000000        0x8 src/avr-base/ln_sw_uart.o
 .group         0x00000000        0x8 src/avr-base/ln_sw_uart.o
 .group         0x00000000        0x8 src/avr-base/ln_sw_uart.o
 .group         0x00000000        0x8 src/avr-base/ln_sw_uart.o
 .text          0x00000000        0x0 src/avr-base/ln_sw_uart.o
 .data          0x00000000        0x0 src/avr-base/ln_sw_uart.o
 .bss           0x00000000        0x0 src/avr-base/ln_sw_uart.o
 .debug_macro   0x00000000      0xa4e src/avr-base/ln_sw_uart.o
 .debug_macro   0x00000000       0x10 src/avr-base/ln_sw_uart.o
 .debug_macro   0x00000000      0x1c9 src/avr-base/ln_sw_uart.o
 .debug_macro   0x00000000       0x9e src/avr-base/ln_sw_uart.o
 .debug_macro   0x00000000      0xc0a src/avr-base/ln_sw_uart.o
 .debug_macro   0x00000000      0x170 src/avr-base/ln_sw_uart.o
 .debug_macro   0x00000000       0xbd src/avr-base/ln_sw_uart.o
 .debug_macro   0x00000000       0x34 src/avr-base/ln_sw_uart.o
 .debug_macro   0x00000000       0x18 src/avr-base/ln_sw_uart.o
 .debug_macro   0x00000000       0x6c src/avr-base/ln_sw_uart.o
 .debug_macro   0x00000000       0x69 src/avr-base/ln_sw_uart.o
 .debug_macro   0x00000000      0x327 src/avr-base/ln_sw_uart.o
 .debug_macro   0x00000000       0x46 src/avr-base/ln_sw_uart.o
 .debug_macro   0x00000000      0x344 src/avr-base/ln_sw_uart.o
 .debug_macro   0x00000000       0x2e src/avr-base/ln_sw_uart.o
 .group         0x00000000        0x8 src/avr-base/systimer.o
 .group         0x00000000        0x8 src/avr-base/systimer.o
 .group         0x00000000        0x8 src/avr-base/systimer.o
 .group         0x00000000        0x8 src/avr-base/systimer.o
 .group         0x00000000        0x8 src/avr-base/systimer.o
 .group         0x00000000        0x8 src/avr-base/systimer.o
 .group         0x00000000        0x8 src/avr-base/systimer.o
 .group         0x00000000        0x8 src/avr-base/systimer.o
 .group         0x00000000        0x8 src/avr-base/systimer.o
 .group         0x00000000        0x8 src/avr-base/systimer.o
 .group         0x00000000        0x8 src/avr-base/systimer.o
 .group         0x00000000        0x8 src/avr-base/systimer.o
 .group         0x00000000        0x8 src/avr-base/systimer.o
 .group         0x00000000        0x8 src/avr-base/systimer.o
 .group         0x00000000        0x8 src/avr-base/systimer.o
 .text          0x00000000        0x0 src/avr-base/systimer.o
 .data          0x00000000        0x0 src/avr-base/systimer.o
 .bss           0x00000000        0x0 src/avr-base/systimer.o
 .debug_macro   0x00000000      0xa4e src/avr-base/systimer.o
 .debug_macro   0x00000000       0x10 src/avr-base/systimer.o
 .debug_macro   0x00000000      0x1c9 src/avr-base/systimer.o
 .debug_macro   0x00000000      0x2fc src/avr-base/systimer.o
 .debug_macro   0x00000000       0x9e src/avr-base/systimer.o
 .debug_macro   0x00000000      0xc0a src/avr-base/systimer.o
 .debug_macro   0x00000000      0x170 src/avr-base/systimer.o
 .debug_macro   0x00000000       0xbd src/avr-base/systimer.o
 .debug_macro   0x00000000       0x34 src/avr-base/systimer.o
 .debug_macro   0x00000000       0x18 src/avr-base/systimer.o
 .debug_macro   0x00000000       0x6c src/avr-base/systimer.o
 .debug_macro   0x00000000       0x46 src/avr-base/systimer.o
 .debug_macro   0x00000000      0x327 src/avr-base/systimer.o
 .debug_macro   0x00000000       0x1c src/avr-base/systimer.o
 .group         0x00000000        0x8 src/loconet/ln_buf.o
 .group         0x00000000        0x8 src/loconet/ln_buf.o
 .group         0x00000000        0x8 src/loconet/ln_buf.o
 .group         0x00000000        0x8 src/loconet/ln_buf.o
 .group         0x00000000        0x8 src/loconet/ln_buf.o
 .group         0x00000000        0x8 src/loconet/ln_buf.o
 .group         0x00000000        0x8 src/loconet/ln_buf.o
 .group         0x00000000        0x8 src/loconet/ln_buf.o
 .group         0x00000000        0x8 src/loconet/ln_buf.o
 .group         0x00000000        0x8 src/loconet/ln_buf.o
 .group         0x00000000        0x8 src/loconet/ln_buf.o
 .group         0x00000000        0x8 src/loconet/ln_buf.o
 .group         0x00000000        0x8 src/loconet/ln_buf.o
 .group         0x00000000        0x8 src/loconet/ln_buf.o
 .group         0x00000000        0x8 src/loconet/ln_buf.o
 .group         0x00000000        0x8 src/loconet/ln_buf.o
 .group         0x00000000        0x8 src/loconet/ln_buf.o
 .text          0x00000000        0x0 src/loconet/ln_buf.o
 .data          0x00000000        0x0 src/loconet/ln_buf.o
 .bss           0x00000000        0x0 src/loconet/ln_buf.o
 .text.initLnBuf
                0x00000000        0xc src/loconet/ln_buf.o
 .text.getLnBufStats
                0x00000000        0x6 src/loconet/ln_buf.o
 .debug_macro   0x00000000      0xa4e src/loconet/ln_buf.o
 .debug_macro   0x00000000       0x16 src/loconet/ln_buf.o
 .debug_macro   0x00000000       0x97 src/loconet/ln_buf.o
 .debug_macro   0x00000000       0x16 src/loconet/ln_buf.o
 .debug_macro   0x00000000       0x10 src/loconet/ln_buf.o
 .debug_macro   0x00000000      0x1c9 src/loconet/ln_buf.o
 .debug_macro   0x00000000      0x2fc src/loconet/ln_buf.o
 .debug_macro   0x00000000       0x9e src/loconet/ln_buf.o
 .debug_macro   0x00000000      0xc0a src/loconet/ln_buf.o
 .debug_macro   0x00000000      0x170 src/loconet/ln_buf.o
 .debug_macro   0x00000000       0xbd src/loconet/ln_buf.o
 .debug_macro   0x00000000       0x34 src/loconet/ln_buf.o
 .debug_macro   0x00000000       0x18 src/loconet/ln_buf.o
 .debug_macro   0x00000000       0x6c src/loconet/ln_buf.o
 .debug_macro   0x00000000       0x63 src/loconet/ln_buf.o
 .debug_macro   0x00000000       0x46 src/loconet/ln_buf.o
 .debug_macro   0x00000000      0x344 src/loconet/ln_buf.o
 .group         0x00000000        0x8 src/loconet/ln_interface.o
 .group         0x00000000        0x8 src/loconet/ln_interface.o
 .group         0x00000000        0x8 src/loconet/ln_interface.o
 .group         0x00000000        0x8 src/loconet/ln_interface.o
 .group         0x00000000        0x8 src/loconet/ln_interface.o
 .group         0x00000000        0x8 src/loconet/ln_interface.o
 .group         0x00000000        0x8 src/loconet/ln_interface.o
 .group         0x00000000        0x8 src/loconet/ln_interface.o
 .group         0x00000000        0x8 src/loconet/ln_interface.o
 .group         0x00000000        0x8 src/loconet/ln_interface.o
 .group         0x00000000        0x8 src/loconet/ln_interface.o
 .group         0x00000000        0x8 src/loconet/ln_interface.o
 .group         0x00000000        0x8 src/loconet/ln_interface.o
 .group         0x00000000        0x8 src/loconet/ln_interface.o
 .group         0x00000000        0x8 src/loconet/ln_interface.o
 .group         0x00000000        0x8 src/loconet/ln_interface.o
 .group         0x00000000        0x8 src/loconet/ln_interface.o
 .group         0x00000000        0x8 src/loconet/ln_interface.o
 .group         0x00000000        0x8 src/loconet/ln_interface.o
 .text          0x00000000        0x0 src/loconet/ln_interface.o
 .data          0x00000000        0x0 src/loconet/ln_interface.o
 .bss           0x00000000        0x0 src/loconet/ln_interface.o
 .text.sendLocoNet4BytePacketTry
                0x00000000       0x36 src/loconet/ln_interface.o
 .debug_macro   0x00000000      0xa4e src/loconet/ln_interface.o
 .debug_macro   0x00000000       0x10 src/loconet/ln_interface.o
 .debug_macro   0x00000000      0x1c9 src/loconet/ln_interface.o
 .debug_macro   0x00000000      0x2fc src/loconet/ln_interface.o
 .debug_macro   0x00000000       0x9e src/loconet/ln_interface.o
 .debug_macro   0x00000000      0xc0a src/loconet/ln_interface.o
 .debug_macro   0x00000000      0x170 src/loconet/ln_interface.o
 .debug_macro   0x00000000       0xbd src/loconet/ln_interface.o
 .debug_macro   0x00000000       0x34 src/loconet/ln_interface.o
 .debug_macro   0x00000000       0x18 src/loconet/ln_interface.o
 .debug_macro   0x00000000       0x6c src/loconet/ln_interface.o
 .debug_macro   0x00000000       0x69 src/loconet/ln_interface.o
 .debug_macro   0x00000000       0x16 src/loconet/ln_interface.o
 .debug_macro   0x00000000       0x97 src/loconet/ln_interface.o
 .debug_macro   0x00000000       0x16 src/loconet/ln_interface.o
 .debug_macro   0x00000000      0x327 src/loconet/ln_interface.o
 .debug_macro   0x00000000       0x46 src/loconet/ln_interface.o
 .debug_macro   0x00000000      0x344 src/loconet/ln_interface.o
 .debug_macro   0x00000000       0x2e src/loconet/ln_interface.o
 .group         0x00000000        0x8 src/loconet/utils.o
 .group         0x00000000        0x8 src/loconet/utils.o
 .group         0x00000000        0x8 src/loconet/utils.o
 .text          0x00000000        0x0 src/loconet/utils.o
 .data          0x00000000        0x0 src/loconet/utils.o
 .bss           0x00000000        0x0 src/loconet/utils.o
 .text.decodePeerData
                0x00000000       0x62 src/loconet/utils.o
 .text.encodePeerData
                0x00000000       0x66 src/loconet/utils.o
 .debug_info    0x00000000      0x24f src/loconet/utils.o
 .debug_abbrev  0x00000000       0xd3 src/loconet/utils.o
 .debug_loc     0x00000000      0x2ce src/loconet/utils.o
 .debug_aranges
                0x00000000       0x28 src/loconet/utils.o
 .debug_ranges  0x00000000       0x18 src/loconet/utils.o
 .debug_macro   0x00000000       0x2d src/loconet/utils.o
 .debug_macro   0x00000000      0xa4e src/loconet/utils.o
 .debug_macro   0x00000000       0x46 src/loconet/utils.o
 .debug_macro   0x00000000      0x33e src/loconet/utils.o
 .debug_line    0x00000000      0x142 src/loconet/utils.o
 .debug_str     0x00000000     0x3b02 src/loconet/utils.o
 .comment       0x00000000       0x31 src/loconet/utils.o
 .debug_frame   0x00000000       0x74 src/loconet/utils.o
 .group         0x00000000        0x8 src/ASF/mega/boards/stk600/rcx_x/init.o
 .group         0x00000000        0x8 src/ASF/mega/boards/stk600/rcx_x/init.o
 .group         0x00000000        0x8 src/ASF/mega/boards/stk600/rcx_x/init.o
 .group         0x00000000        0x8 src/ASF/mega/boards/stk600/rcx_x/init.o
 .group         0x00000000        0x8 src/ASF/mega/boards/stk600/rcx_x/init.o
 .group         0x00000000        0x8 src/ASF/mega/boards/stk600/rcx_x/init.o
 .group         0x00000000        0x8 src/ASF/mega/boards/stk600/rcx_x/init.o
 .group         0x00000000        0x8 src/ASF/mega/boards/stk600/rcx_x/init.o
 .group         0x00000000        0x8 src/ASF/mega/boards/stk600/rcx_x/init.o
 .group         0x00000000        0x8 src/ASF/mega/boards/stk600/rcx_x/init.o
 .group         0x00000000        0x8 src/ASF/mega/boards/stk600/rcx_x/init.o
 .group         0x00000000        0x8 src/ASF/mega/boards/stk600/rcx_x/init.o
 .group         0x00000000        0x8 src/ASF/mega/boards/stk600/rcx_x/init.o
 .group         0x00000000        0x8 src/ASF/mega/boards/stk600/rcx_x/init.o
 .group         0x00000000        0x8 src/ASF/mega/boards/stk600/rcx_x/init.o
 .group         0x00000000        0x8 src/ASF/mega/boards/stk600/rcx_x/init.o
 .group         0x00000000        0x8 src/ASF/mega/boards/stk600/rcx_x/init.o
 .group         0x00000000        0x8 src/ASF/mega/boards/stk600/rcx_x/init.o
 .group         0x00000000        0x8 src/ASF/mega/boards/stk600/rcx_x/init.o
 .group         0x00000000        0x8 src/ASF/mega/boards/stk600/rcx_x/init.o
 .group         0x00000000        0x8 src/ASF/mega/boards/stk600/rcx_x/init.o
 .group         0x00000000        0x8 src/ASF/mega/boards/stk600/rcx_x/init.o
 .group         0x00000000        0x8 src/ASF/mega/boards/stk600/rcx_x/init.o
 .group         0x00000000        0x8 src/ASF/mega/boards/stk600/rcx_x/init.o
 .group         0x00000000        0x8 src/ASF/mega/boards/stk600/rcx_x/init.o
 .text          0x00000000        0x0 src/ASF/mega/boards/stk600/rcx_x/init.o
 .data          0x00000000        0x0 src/ASF/mega/boards/stk600/rcx_x/init.o
 .bss           0x00000000        0x0 src/ASF/mega/boards/stk600/rcx_x/init.o
 .text.board_init
                0x00000000        0x2 src/ASF/mega/boards/stk600/rcx_x/init.o
 .debug_info    0x00000000       0x7c src/ASF/mega/boards/stk600/rcx_x/init.o
 .debug_abbrev  0x00000000       0x47 src/ASF/mega/boards/stk600/rcx_x/init.o
 .debug_aranges
                0x00000000       0x20 src/ASF/mega/boards/stk600/rcx_x/init.o
 .debug_ranges  0x00000000       0x10 src/ASF/mega/boards/stk600/rcx_x/init.o
 .debug_macro   0x00000000      0x134 src/ASF/mega/boards/stk600/rcx_x/init.o
 .debug_macro   0x00000000      0xa4e src/ASF/mega/boards/stk600/rcx_x/init.o
 .debug_macro   0x00000000       0x10 src/ASF/mega/boards/stk600/rcx_x/init.o
 .debug_macro   0x00000000      0x1c9 src/ASF/mega/boards/stk600/rcx_x/init.o
 .debug_macro   0x00000000      0x2fc src/ASF/mega/boards/stk600/rcx_x/init.o
 .debug_macro   0x00000000       0x9e src/ASF/mega/boards/stk600/rcx_x/init.o
 .debug_macro   0x00000000      0xc0a src/ASF/mega/boards/stk600/rcx_x/init.o
 .debug_macro   0x00000000      0x170 src/ASF/mega/boards/stk600/rcx_x/init.o
 .debug_macro   0x00000000       0xbd src/ASF/mega/boards/stk600/rcx_x/init.o
 .debug_macro   0x00000000       0x34 src/ASF/mega/boards/stk600/rcx_x/init.o
 .debug_macro   0x00000000       0x18 src/ASF/mega/boards/stk600/rcx_x/init.o
 .debug_macro   0x00000000       0x6c src/ASF/mega/boards/stk600/rcx_x/init.o
 .debug_macro   0x00000000       0x22 src/ASF/mega/boards/stk600/rcx_x/init.o
 .debug_macro   0x00000000      0x16d src/ASF/mega/boards/stk600/rcx_x/init.o
 .debug_macro   0x00000000       0x1c src/ASF/mega/boards/stk600/rcx_x/init.o
 .debug_macro   0x00000000       0x35 src/ASF/mega/boards/stk600/rcx_x/init.o
 .debug_macro   0x00000000       0x66 src/ASF/mega/boards/stk600/rcx_x/init.o
 .debug_macro   0x00000000      0x64b src/ASF/mega/boards/stk600/rcx_x/init.o
 .debug_macro   0x00000000       0x44 src/ASF/mega/boards/stk600/rcx_x/init.o
 .debug_macro   0x00000000       0x69 src/ASF/mega/boards/stk600/rcx_x/init.o
 .debug_macro   0x00000000       0x2c src/ASF/mega/boards/stk600/rcx_x/init.o
 .debug_macro   0x00000000       0x10 src/ASF/mega/boards/stk600/rcx_x/init.o
 .debug_macro   0x00000000       0xe2 src/ASF/mega/boards/stk600/rcx_x/init.o
 .debug_macro   0x00000000       0x40 src/ASF/mega/boards/stk600/rcx_x/init.o
 .debug_macro   0x00000000      0x100 src/ASF/mega/boards/stk600/rcx_x/init.o
 .debug_macro   0x00000000      0x2c0 src/ASF/mega/boards/stk600/rcx_x/init.o
 .debug_line    0x00000000      0x35e src/ASF/mega/boards/stk600/rcx_x/init.o
 .debug_str     0x00000000     0xe6ab src/ASF/mega/boards/stk600/rcx_x/init.o
 .comment       0x00000000       0x31 src/ASF/mega/boards/stk600/rcx_x/init.o
 .debug_frame   0x00000000       0x24 src/ASF/mega/boards/stk600/rcx_x/init.o
 .text          0x00000000        0x0 c:/program files (x86)/atmel/studio/7.0/toolchain/avr8/avr8-gnu-toolchain/bin/../lib/gcc/avr/5.4.0/avr5\libgcc.a(_exit.o)
 .data          0x00000000        0x0 c:/program files (x86)/atmel/studio/7.0/toolchain/avr8/avr8-gnu-toolchain/bin/../lib/gcc/avr/5.4.0/avr5\libgcc.a(_exit.o)
 .bss           0x00000000        0x0 c:/program files (x86)/atmel/studio/7.0/toolchain/avr8/avr8-gnu-toolchain/bin/../lib/gcc/avr/5.4.0/avr5\libgcc.a(_exit.o)
 .text.libgcc.mul
                0x00000000        0x0 c:/program files (x86)/atmel/studio/7.0/toolchain/avr8/avr8-gnu-toolchain/bin/../lib/gcc/avr/5.4.0/avr5\libgcc.a(_exit.o)
 .text.libgcc.div
                0x00000000        0x0 c:/program files (x86)/atmel/studio/7.0/toolchain/avr8/avr8-gnu-toolchain/bin/../lib/gcc/avr/5.4.0/avr5\libgcc.a(_exit.o)
 .text.libgcc   0x00000000        0x0 c:/program files (x86)/atmel/studio/7.0/toolchain/avr8/avr8-gnu-toolchain/bin/../lib/gcc/avr/5.4.0/avr5\libgcc.a(_exit.o)
 .text.libgcc.prologue
                0x00000000        0x0 c:/program files (x86)/atmel/studio/7.0/toolchain/avr8/avr8-gnu-toolchain/bin/../lib/gcc/avr/5.4.0/avr5\libgcc.a(_exit.o)
 .text.libgcc.builtins
                0x00000000        0x0 c:/program files (x86)/atmel/studio/7.0/toolchain/avr8/avr8-gnu-toolchain/bin/../lib/gcc/avr/5.4.0/avr5\libgcc.a(_exit.o)
 .text.libgcc.fmul
                0x00000000        0x0 c:/program files (x86)/atmel/studio/7.0/toolchain/avr8/avr8-gnu-toolchain/bin/../lib/gcc/avr/5.4.0/avr5\libgcc.a(_exit.o)
 .text.libgcc.fixed
                0x00000000        0x0 c:/program files (x86)/atmel/studio/7.0/toolchain/avr8/avr8-gnu-toolchain/bin/../lib/gcc/avr/5.4.0/avr5\libgcc.a(_exit.o)
 .text          0x00000000        0x0 c:/program files (x86)/atmel/studio/7.0/toolchain/avr8/avr8-gnu-toolchain/bin/../lib/gcc/avr/5.4.0/avr5\libgcc.a(_tablejump2.o)
 .data          0x00000000        0x0 c:/program files (x86)/atmel/studio/7.0/toolchain/avr8/avr8-gnu-toolchain/bin/../lib/gcc/avr/5.4.0/avr5\libgcc.a(_tablejump2.o)
 .bss           0x00000000        0x0 c:/program files (x86)/atmel/studio/7.0/toolchain/avr8/avr8-gnu-toolchain/bin/../lib/gcc/avr/5.4.0/avr5\libgcc.a(_tablejump2.o)
 .text.libgcc.mul
                0x00000000        0x0 c:/program files (x86)/atmel/studio/7.0/toolchain/avr8/avr8-gnu-toolchain/bin/../lib/gcc/avr/5.4.0/avr5\libgcc.a(_tablejump2.o)
 .text.libgcc.div
                0x00000000        0x0 c:/program files (x86)/atmel/studio/7.0/toolchain/avr8/avr8-gnu-toolchain/bin/../lib/gcc/avr/5.4.0/avr5\libgcc.a(_tablejump2.o)
 .text.libgcc.prologue
                0x00000000        0x0 c:/program files (x86)/atmel/studio/7.0/toolchain/avr8/avr8-gnu-toolchain/bin/../lib/gcc/avr/5.4.0/avr5\libgcc.a(_tablejump2.o)
 .text.libgcc.builtins
                0x00000000        0x0 c:/program files (x86)/atmel/studio/7.0/toolchain/avr8/avr8-gnu-toolchain/bin/../lib/gcc/avr/5.4.0/avr5\libgcc.a(_tablejump2.o)
 .text.libgcc.fmul
                0x00000000        0x0 c:/program files (x86)/atmel/studio/7.0/toolchain/avr8/avr8-gnu-toolchain/bin/../lib/gcc/avr/5.4.0/avr5\libgcc.a(_tablejump2.o)
 .text.libgcc.fixed
                0x00000000        0x0 c:/program files (x86)/atmel/studio/7.0/toolchain/avr8/avr8-gnu-toolchain/bin/../lib/gcc/avr/5.4.0/avr5\libgcc.a(_tablejump2.o)
 .text          0x00000000        0x0 c:/program files (x86)/atmel/studio/7.0/toolchain/avr8/avr8-gnu-toolchain/bin/../lib/gcc/avr/5.4.0/avr5\libgcc.a(_copy_data.o)
 .data          0x00000000        0x0 c:/program files (x86)/atmel/studio/7.0/toolchain/avr8/avr8-gnu-toolchain/bin/../lib/gcc/avr/5.4.0/avr5\libgcc.a(_copy_data.o)
 .bss           0x00000000        0x0 c:/program files (x86)/atmel/studio/7.0/toolchain/avr8/avr8-gnu-toolchain/bin/../lib/gcc/avr/5.4.0/avr5\libgcc.a(_copy_data.o)
 .text.libgcc.mul
                0x00000000        0x0 c:/program files (x86)/atmel/studio/7.0/toolchain/avr8/avr8-gnu-toolchain/bin/../lib/gcc/avr/5.4.0/avr5\libgcc.a(_copy_data.o)
 .text.libgcc.div
                0x00000000        0x0 c:/program files (x86)/atmel/studio/7.0/toolchain/avr8/avr8-gnu-toolchain/bin/../lib/gcc/avr/5.4.0/avr5\libgcc.a(_copy_data.o)
 .text.libgcc   0x00000000        0x0 c:/program files (x86)/atmel/studio/7.0/toolchain/avr8/avr8-gnu-toolchain/bin/../lib/gcc/avr/5.4.0/avr5\libgcc.a(_copy_data.o)
 .text.libgcc.prologue
                0x00000000        0x0 c:/program files (x86)/atmel/studio/7.0/toolchain/avr8/avr8-gnu-toolchain/bin/../lib/gcc/avr/5.4.0/avr5\libgcc.a(_copy_data.o)
 .text.libgcc.builtins
                0x00000000        0x0 c:/program files (x86)/atmel/studio/7.0/toolchain/avr8/avr8-gnu-toolchain/bin/../lib/gcc/avr/5.4.0/avr5\libgcc.a(_copy_data.o)
 .text.libgcc.fmul
                0x00000000        0x0 c:/program files (x86)/atmel/studio/7.0/toolchain/avr8/avr8-gnu-toolchain/bin/../lib/gcc/avr/5.4.0/avr5\libgcc.a(_copy_data.o)
 .text.libgcc.fixed
                0x00000000        0x0 c:/program files (x86)/atmel/studio/7.0/toolchain/avr8/avr8-gnu-toolchain/bin/../lib/gcc/avr/5.4.0/avr5\libgcc.a(_copy_data.o)
 .text          0x00000000        0x0 c:/program files (x86)/atmel/studio/7.0/toolchain/avr8/avr8-gnu-toolchain/bin/../lib/gcc/avr/5.4.0/avr5\libgcc.a(_clear_bss.o)
 .data          0x00000000        0x0 c:/program files (x86)/atmel/studio/7.0/toolchain/avr8/avr8-gnu-toolchain/bin/../lib/gcc/avr/5.4.0/avr5\libgcc.a(_clear_bss.o)
 .bss           0x00000000        0x0 c:/program files (x86)/atmel/studio/7.0/toolchain/avr8/avr8-gnu-toolchain/bin/../lib/gcc/avr/5.4.0/avr5\libgcc.a(_clear_bss.o)
 .text.libgcc.mul
                0x00000000        0x0 c:/program files (x86)/atmel/studio/7.0/toolchain/avr8/avr8-gnu-toolchain/bin/../lib/gcc/avr/5.4.0/avr5\libgcc.a(_clear_bss.o)
 .text.libgcc.div
                0x00000000        0x0 c:/program files (x86)/atmel/studio/7.0/toolchain/avr8/avr8-gnu-toolchain/bin/../lib/gcc/avr/5.4.0/avr5\libgcc.a(_clear_bss.o)
 .text.libgcc   0x00000000        0x0 c:/program files (x86)/atmel/studio/7.0/toolchain/avr8/avr8-gnu-toolchain/bin/../lib/gcc/avr/5.4.0/avr5\libgcc.a(_clear_bss.o)
 .text.libgcc.prologue
                0x00000000        0x0 c:/program files (x86)/atmel/studio/7.0/toolchain/avr8/avr8-gnu-toolchain/bin/../lib/gcc/avr/5.4.0/avr5\libgcc.a(_clear_bss.o)
 .text.libgcc.builtins
                0x00000000        0x0 c:/program files (x86)/atmel/studio/7.0/toolchain/avr8/avr8-gnu-toolchain/bin/../lib/gcc/avr/5.4.0/avr5\libgcc.a(_clear_bss.o)
 .text.libgcc.fmul
                0x00000000        0x0 c:/program files (x86)/atmel/studio/7.0/toolchain/avr8/avr8-gnu-toolchain/bin/../lib/gcc/avr/5.4.0/avr5\libgcc.a(_clear_bss.o)
 .text.libgcc.fixed
                0x00000000        0x0 c:/program files (x86)/atmel/studio/7.0/toolchain/avr8/avr8-gnu-toolchain/bin/../lib/gcc/avr/5.4.0/avr5\libgcc.a(_clear_bss.o)
 .text          0x00000000        0x0 c:/program files (x86)/atmel/studio/7.0/toolchain/avr8/avr8-gnu-toolchain/bin/../lib/gcc/avr/5.4.0/../../../../avr/lib/avr5\libc.a(memcpy.o)
 .data          0x00000000        0x0 c:/program files (x86)/atmel/studio/7.0/toolchain/avr8/avr8-gnu-toolchain/bin/../lib/gcc/avr/5.4.0/../../../../avr/lib/avr5\libc.a(memcpy.o)
 .bss           0x00000000        0x0 c:/program files (x86)/atmel/studio/7.0/toolchain/avr8/avr8-gnu-toolchain/bin/../lib/gcc/avr/5.4.0/../../../../avr/lib/avr5\libc.a(memcpy.o)
 .text          0x00000000        0x0 C:/Program Files (x86)/Atmel/Studio/7.0/Packs/atmel/ATmega_DFP/1.2.132/gcc/dev/atmega16/avr5\libatmega16.a(eerd_byte.o)
 .data          0x00000000        0x0 C:/Program Files (x86)/Atmel/Studio/7.0/Packs/atmel/ATmega_DFP/1.2.132/gcc/dev/atmega16/avr5\libatmega16.a(eerd_byte.o)
 .bss           0x00000000        0x0 C:/Program Files (x86)/Atmel/Studio/7.0/Packs/atmel/ATmega_DFP/1.2.132/gcc/dev/atmega16/avr5\libatmega16.a(eerd_byte.o)
 .text          0x00000000        0x0 C:/Program Files (x86)/Atmel/Studio/7.0/Packs/atmel/ATmega_DFP/1.2.132/gcc/dev/atmega16/avr5\libatmega16.a(eewr_byte.o)
 .data          0x00000000        0x0 C:/Program Files (x86)/Atmel/Studio/7.0/Packs/atmel/ATmega_DFP/1.2.132/gcc/dev/atmega16/avr5\libatmega16.a(eewr_byte.o)
 .bss           0x00000000        0x0 C:/Program Files (x86)/Atmel/Studio/7.0/Packs/atmel/ATmega_DFP/1.2.132/gcc/dev/atmega16/avr5\libatmega16.a(eewr_byte.o)

Memory Configuration

Name             Origin             Length             Attributes
text             0x00000000         0x00020000         xr
data             0x00800060         0x0000ffa0         rw !x
eeprom           0x00810000         0x00010000         rw !x
fuse             0x00820000         0x00000002         rw !x
lock             0x00830000         0x00000400         rw !x
signature        0x00840000         0x00000400         rw !x
user_signatures  0x00850000         0x00000400         rw !x
*default*        0x00000000         0xffffffff

Linker script and memory map

LOAD C:/Program Files (x86)/Atmel/Studio/7.0/Packs/atmel/ATmega_DFP/1.2.132/gcc/dev/atmega16/avr5/crtatmega16.o
LOAD src/apps/Fredi/fredi.o
LOAD src/apps/Fredi/fuses.o
LOAD src/apps/Fredi/potAdc.o
LOAD src/avr-base/ln_sw_uart.o
LOAD src/avr-base/systimer.o
LOAD src/loconet/ln_buf.o
LOAD src/loconet/ln_interface.o
LOAD src/loconet/utils.o
LOAD src/ASF/mega/boards/stk600/rcx_x/init.o
START GROUP
LOAD c:/program files (x86)/atmel/studio/7.0/toolchain/avr8/avr8-gnu-toolchain/bin/../lib/gcc/avr/5.4.0/../../../../avr/lib/avr5\libm.a
END GROUP
START GROUP
LOAD c:/program files (x86)/atmel/studio/7.0/toolchain/avr8/avr8-gnu-toolchain/bin/../lib/gcc/avr/5.4.0/avr5\libgcc.a
LOAD c:/program files (x86)/atmel/studio/7.0/toolchain/avr8/avr8-gnu-toolchain/bin/../lib/gcc/avr/5.4.0/../../../../avr/lib/avr5\libm.a
LOAD c:/program files (x86)/atmel/studio/7.0/toolchain/avr8/avr8-gnu-toolchain/bin/../lib/gcc/avr/5.4.0/../../../../avr/lib/avr5\libc.a
LOAD C:/Program Files (x86)/Atmel/Studio/7.0/Packs/atmel/ATmega_DFP/1.2.132/gcc/dev/atmega16/avr5\libatmega16.a
END GROUP
                0x00020000                __TEXT_REGION_LENGTH__ = DEFINED (__TEXT_REGION_LENGTH__)?__TEXT_REGION_LENGTH__:0x20000
                0x0000ffa0                __DATA_REGION_LENGTH__ = DEFINED (__DATA_REGION_LENGTH__)?__DATA_REGION_LENGTH__:0xffa0
                0x00010000                __EEPROM_REGION_LENGTH__ = DEFINED (__EEPROM_REGION_LENGTH__)?__EEPROM_REGION_LENGTH__:0x10000
                [0x00000002]                __FUSE_REGION_LENGTH__ = DEFINED (__FUSE_REGION_LENGTH__)?__FUSE_REGION_LENGTH__:0x400
                0x00000400                __LOCK_REGION_LENGTH__ = DEFINED (__LOCK_REGION_LENGTH__)?__LOCK_REGION_LENGTH__:0x400
                0x00000400                __SIGNATURE_REGION_LENGTH__ = DEFINED (__SIGNATURE_REGION_LENGTH__)?__SIGNATURE_REGION_LENGTH__:0x400
                0x00000400                __USER_SIGNATURE_REGION_LENGTH__ = DEFINED (__USER_SIGNATURE_REGION_LENGTH__)?__USER_SIGNATURE_REGION_LENGTH__:0x400

.hash
 *(.hash)

.dynsym
 *(.dynsym)

.dynstr
 *(.dynstr)

.gnu.version
 *(.gnu.version)

.gnu.version_d
 *(.gnu.version_d)

.gnu.version_r
 *(.gnu.version_r)

.rel.init
 *(.rel.init)

.rela.init
 *(.rela.init)

.rel.text
 *(.rel.text)
 *(.rel.text.*)
 *(.rel.gnu.linkonce.t*)

.rela.text
 *(.rela.text)
 *(.rela.text.*)
 *(.rela.gnu.linkonce.t*)

.rel.fini
 *(.rel.fini)

.rela.fini
 *(.rela.fini)

.rel.rodata
 *(.rel.rodata)
 *(.rel.rodata.*)
 *(.rel.gnu.linkonce.r*)

.rela.rodata
 *(.rela.rodata)
 *(.rela.rodata.*)
 *(.rela.gnu.linkonce.r*)

.rel.data
 *(.rel.data)
 *(.rel.data.*)
 *(.rel.gnu.linkonce.d*)

.rela.data
 *(.rela.data)
 *(.rela.data.*)
 *(.rela.gnu.linkonce.d*)

.rel.ctors
 *(.rel.ctors)

.rela.ctors
 *(.rela.ctors)

.rel.dtors
 *(.rel.dtors)

.rela.dtors
 *(.rela.dtors)

.rel.got
 *(.rel.got)

.rela.got
 *(.rela.got)

.rel.bss
 *(.rel.bss)

.rela.bss
 *(.rela.bss)

.rel.plt
 *(.rel.plt)

.rela.plt
 *(.rela.plt)

.text           0x00000000     0x1a2a
 *(.vectors)
 .vectors       0x00000000       0x54 C:/Program Files (x86)/Atmel/Studio/7.0/Packs/atmel/ATmega_DFP/1.2.132/gcc/dev/atmega16/avr5/crtatmega16.o
                0x00000000                __vector_default
                0x00000000                __vectors
 *(.vectors)
 *(.progmem.gcc*)
 .progmem.gcc_sw_table.vSetState
                0x00000054       0xcc src/apps/Fredi/fredi.o
 .progmem.gcc_sw_table.MessageTimerAction
                0x00000120       0x3c src/apps/Fredi/fredi.o
                0x0000015c                . = ALIGN (0x2)
                0x0000015c                __trampolines_start = .
 *(.trampolines)
 .trampolines   0x0000015c        0x0 linker stubs
 *(.trampolines*)
                0x0000015c                __trampolines_end = .
 *libprintf_flt.a:*(.progmem.data)
 *libc.a:*(.progmem.data)
 *(.progmem*)
                0x0000015c                . = ALIGN (0x2)
 *(.jumptables)
 *(.jumptables*)
 *(.lowtext)
 *(.lowtext*)
                0x0000015c                __ctors_start = .
 *(.ctors)
                0x0000015c                __ctors_end = .
                0x0000015c                __dtors_start = .
 *(.dtors)
                0x0000015c                __dtors_end = .
 SORT(*)(.ctors)
 SORT(*)(.dtors)
 *(.init0)
 .init0         0x0000015c        0x0 C:/Program Files (x86)/Atmel/Studio/7.0/Packs/atmel/ATmega_DFP/1.2.132/gcc/dev/atmega16/avr5/crtatmega16.o
                0x0000015c                __init
 *(.init0)
 *(.init1)
 *(.init1)
 *(.init2)
 .init2         0x0000015c        0xc C:/Program Files (x86)/Atmel/Studio/7.0/Packs/atmel/ATmega_DFP/1.2.132/gcc/dev/atmega16/avr5/crtatmega16.o
 *(.init2)
 *(.init3)
 *(.init3)
 *(.init4)
 .init4         0x00000168       0x16 c:/program files (x86)/atmel/studio/7.0/toolchain/avr8/avr8-gnu-toolchain/bin/../lib/gcc/avr/5.4.0/avr5\libgcc.a(_copy_data.o)
                0x00000168                __do_copy_data
 .init4         0x0000017e       0x10 c:/program files (x86)/atmel/studio/7.0/toolchain/avr8/avr8-gnu-toolchain/bin/../lib/gcc/avr/5.4.0/avr5\libgcc.a(_clear_bss.o)
                0x0000017e                __do_clear_bss
 *(.init4)
 *(.init5)
 *(.init5)
 *(.init6)
 *(.init6)
 *(.init7)
 *(.init7)
 *(.init8)
 *(.init8)
 *(.init9)
 .init9         0x0000018e        0x6 C:/Program Files (x86)/Atmel/Studio/7.0/Packs/atmel/ATmega_DFP/1.2.132/gcc/dev/atmega16/avr5/crtatmega16.o
 *(.init9)
 *(.text)
 .text          0x00000194        0x2 C:/Program Files (x86)/Atmel/Studio/7.0/Packs/atmel/ATmega_DFP/1.2.132/gcc/dev/atmega16/avr5/crtatmega16.o
                0x00000194                __vector_1
                0x00000194                __vector_12
                0x00000194                __bad_interrupt
                0x00000194                __vector_3
                0x00000194                __vector_11
                0x00000194                __vector_13
                0x00000194                __vector_17
                0x00000194                __vector_19
                0x00000194                __vector_7
                0x00000194                __vector_4
                0x00000194                __vector_15
                0x00000194                __vector_8
                0x00000194                __vector_14
                0x00000194                __vector_10
                0x00000194                __vector_16
                0x00000194                __vector_18
                0x00000194                __vector_20
                0x00000196                . = ALIGN (0x2)
 *(.text.*)
 .text.IncrementTimerAction
                0x00000196       0x22 src/apps/Fredi/fredi.o
                0x00000196                IncrementTimerAction
 .text.LEDTimerAction
                0x000001b8       0x7e src/apps/Fredi/fredi.o
                0x000001b8                LEDTimerAction
 .text.ReleaseStopTimerAction
                0x00000236        0x8 src/apps/Fredi/fredi.o
                0x00000236                ReleaseStopTimerAction
 .text.KeyTimerAction
                0x0000023e       0xb0 src/apps/Fredi/fredi.o
                0x0000023e                KeyTimerAction
 .text.initKeys
                0x000002ee       0xc6 src/apps/Fredi/fredi.o
                0x000002ee                initKeys
 .text.__vector_2
                0x000003b4       0x5a src/apps/Fredi/fredi.o
                0x000003b4                __vector_2
 .text.vSetState
                0x0000040e       0x80 src/apps/Fredi/fredi.o
                0x0000040e                vSetState
 .text.MessageTimerAction
                0x0000048e       0xc0 src/apps/Fredi/fredi.o
                0x0000048e                MessageTimerAction
 .text.sendLocoNetSpd
                0x0000054e       0x18 src/apps/Fredi/fredi.o
                0x0000054e                sendLocoNetSpd
 .text.sendLocoNetDirf
                0x00000566        0xe src/apps/Fredi/fredi.o
                0x00000566                sendLocoNetDirf
 .text.sendLocoNetSnd
                0x00000574        0xe src/apps/Fredi/fredi.o
                0x00000574                sendLocoNetSnd
 .text.sendLocoNetWriteSlotData
                0x00000582       0x98 src/apps/Fredi/fredi.o
                0x00000582                sendLocoNetWriteSlotData
 .text.sendLocoNetMove
                0x0000061a       0x34 src/apps/Fredi/fredi.o
                0x0000061a                sendLocoNetMove
 .text.sendLocoNetAdr
                0x0000064e       0x26 src/apps/Fredi/fredi.o
                0x0000064e                sendLocoNetAdr
 .text.sendLocoNetFredAdc
                0x00000674       0x1a src/apps/Fredi/fredi.o
                0x00000674                sendLocoNetFredAdc
 .text.sendLocoNetFredCd
                0x0000068e        0xe src/apps/Fredi/fredi.o
                0x0000068e                sendLocoNetFredCd
 .text.sendLocoNetFredButton
                0x0000069c        0xe src/apps/Fredi/fredi.o
                0x0000069c                sendLocoNetFredButton
 .text.vCheckSelfTestEnd
                0x000006aa       0x76 src/apps/Fredi/fredi.o
                0x000006aa                vCheckSelfTestEnd
 .text.vProcessKey
                0x00000720      0x25e src/apps/Fredi/fredi.o
                0x00000720                vProcessKey
 .text.vProcessEncoder
                0x0000097e       0xea src/apps/Fredi/fredi.o
                0x0000097e                vProcessEncoder
 .text.vProcessPoti
                0x00000a68       0xc0 src/apps/Fredi/fredi.o
                0x00000a68                vProcessPoti
 .text.vCopySlotFromRxPacket
                0x00000b28       0xfc src/apps/Fredi/fredi.o
                0x00000b28                vCopySlotFromRxPacket
 .text.vSetUnconnected
                0x00000c24       0x2e src/apps/Fredi/fredi.o
                0x00000c24                vSetUnconnected
 .text.vProcessRxLoconetMessage
                0x00000c52      0x24e src/apps/Fredi/fredi.o
                0x00000c52                vProcessRxLoconetMessage
 .text.main     0x00000ea0      0x1e0 src/apps/Fredi/fredi.o
                0x00000ea0                main
 .text.potAdcPowerOff
                0x00001080        0x4 src/apps/Fredi/potAdc.o
                0x00001080                potAdcPowerOff
 .text.potAdcInit
                0x00001084       0x16 src/apps/Fredi/potAdc.o
                0x00001084                potAdcInit
 .text.potAdcTimerAction
                0x0000109a       0x92 src/apps/Fredi/potAdc.o
                0x0000109a                potAdcTimerAction
 .text.__vector_5
                0x0000112c       0x54 src/avr-base/ln_sw_uart.o
                0x0000112c                __vector_5
 .text.__vector_6
                0x00001180      0x276 src/avr-base/ln_sw_uart.o
                0x00001180                __vector_6
 .text.initLocoNetHardware
                0x000013f6       0x2a src/avr-base/ln_sw_uart.o
                0x000013f6                initLocoNetHardware
 .text.sendLocoNetPacketTry
                0x00001420      0x13c src/avr-base/ln_sw_uart.o
                0x00001420                sendLocoNetPacketTry
 .text.__vector_9
                0x0000155c       0x66 src/avr-base/systimer.o
                0x0000155c                __vector_9
 .text.initTimer
                0x000015c2       0x1a src/avr-base/systimer.o
                0x000015c2                initTimer
 .text.addTimerAction
                0x000015dc       0x46 src/avr-base/systimer.o
                0x000015dc                addTimerAction
 .text.resetTimerAction
                0x00001622        0x6 src/avr-base/systimer.o
                0x00001622                resetTimerAction
 .text.delayTimer
                0x00001628       0x16 src/avr-base/systimer.o
                0x00001628                delayTimer
 .text.processTimerActions
                0x0000163e       0xb0 src/avr-base/systimer.o
                0x0000163e                processTimerActions
 .text.recvLnMsg
                0x000016ee      0x218 src/loconet/ln_buf.o
                0x000016ee                recvLnMsg
 .text.getLnMsgSize
                0x00001906       0x1a src/loconet/ln_buf.o
                0x00001906                getLnMsgSize
 .text.initLocoNet
                0x00001920        0xc src/loconet/ln_interface.o
                0x00001920                initLocoNet
 .text.recvLocoNetPacket
                0x0000192c        0xc src/loconet/ln_interface.o
                0x0000192c                recvLocoNetPacket
 .text.sendLocoNetPacket
                0x00001938       0x74 src/loconet/ln_interface.o
                0x00001938                sendLocoNetPacket
 .text.sendLocoNet4BytePacket
                0x000019ac       0x32 src/loconet/ln_interface.o
                0x000019ac                sendLocoNet4BytePacket
 .text.libgcc   0x000019de        0xc c:/program files (x86)/atmel/studio/7.0/toolchain/avr8/avr8-gnu-toolchain/bin/../lib/gcc/avr/5.4.0/avr5\libgcc.a(_tablejump2.o)
                0x000019de                __tablejump2__
 .text.avr-libc
                0x000019ea       0x12 c:/program files (x86)/atmel/studio/7.0/toolchain/avr8/avr8-gnu-toolchain/bin/../lib/gcc/avr/5.4.0/../../../../avr/lib/avr5\libc.a(memcpy.o)
                0x000019ea                memcpy
 .text.avr-libc
                0x000019fc       0x10 C:/Program Files (x86)/Atmel/Studio/7.0/Packs/atmel/ATmega_DFP/1.2.132/gcc/dev/atmega16/avr5\libatmega16.a(eerd_byte.o)
                0x000019fc                eeprom_read_byte
 .text.avr-libc
                0x00001a0c       0x1a C:/Program Files (x86)/Atmel/Studio/7.0/Packs/atmel/ATmega_DFP/1.2.132/gcc/dev/atmega16/avr5\libatmega16.a(eewr_byte.o)
                0x00001a0c                eeprom_write_byte
                0x00001a0e                eeprom_write_r18
                0x00001a26                . = ALIGN (0x2)
 *(.fini9)
 .fini9         0x00001a26        0x0 c:/program files (x86)/atmel/studio/7.0/toolchain/avr8/avr8-gnu-toolchain/bin/../lib/gcc/avr/5.4.0/avr5\libgcc.a(_exit.o)
                0x00001a26                _exit
                0x00001a26                exit
 *(.fini9)
 *(.fini8)
 *(.fini8)
 *(.fini7)
 *(.fini7)
 *(.fini6)
 *(.fini6)
 *(.fini5)
 *(.fini5)
 *(.fini4)
 *(.fini4)
 *(.fini3)
 *(.fini3)
 *(.fini2)
 *(.fini2)
 *(.fini1)
 *(.fini1)
 *(.fini0)
 .fini0         0x00001a26        0x4 c:/program files (x86)/atmel/studio/7.0/toolchain/avr8/avr8-gnu-toolchain/bin/../lib/gcc/avr/5.4.0/avr5\libgcc.a(_exit.o)
 *(.fini0)
                0x00001a2a                _etext = .

.data           0x00800060       0x2e load address 0x00001a2a
                0x00800060                PROVIDE (__data_start, .)
 *(.data)
 *(.data*)
 .data.bOldValue.2208
                0x00800060        0x2 src/apps/Fredi/fredi.o
 .data.bLastDirSwitch.2099
                0x00800062        0x1 src/apps/Fredi/fredi.o
 .data.bLastEncSwitch.2095
                0x00800063        0x1 src/apps/Fredi/fredi.o
 .data.bLastKey.2097
                0x00800064        0x1 src/apps/Fredi/fredi.o
 .data.fSetSpeed
                0x00800065        0x1 src/apps/Fredi/fredi.o
 .data.bLEDReload
                0x00800066        0x1 src/apps/Fredi/fredi.o
                0x00800066                bLEDReload
 .data.bThrState
                0x00800067        0x1 src/apps/Fredi/fredi.o
                0x00800067                bThrState
 *(.rodata)
 *(.rodata*)
 .rodata.abSpd  0x00800068       0x25 src/apps/Fredi/fredi.o
                0x00800068                abSpd
 *(.gnu.linkonce.d*)
                0x0080008e                . = ALIGN (0x2)
 *fill*         0x0080008d        0x1 
                0x0080008e                _edata = .
                0x0080008e                PROVIDE (__data_end, .)

.bss            0x0080008e       0xf6
                0x0080008e                PROVIDE (__bss_start, .)
 *(.bss)
 *(.bss*)
 .bss.bLastCurrentkey.2183
                0x0080008e        0x1 src/apps/Fredi/fredi.o
 .bss.bStopPressed
                0x0080008f        0x1 src/apps/Fredi/fredi.o
 .bss.wSelfTest
                0x00800090        0x2 src/apps/Fredi/fredi.o
 .bss.bCurrentKey
                0x00800092        0x1 src/apps/Fredi/fredi.o
 .bss.sEncDir   0x00800093        0x1 src/apps/Fredi/fredi.o
 .bss.bSpdCnt   0x00800094        0x1 src/apps/Fredi/fredi.o
 .bss.bEvent    0x00800095        0x1 src/apps/Fredi/fredi.o
                0x00800095                bEvent
 .bss.bFrediVersion
                0x00800096        0x1 src/apps/Fredi/fredi.o
                0x00800096                bFrediVersion
 .bss.timeFilterState.1795
                0x00800097        0x1 src/apps/Fredi/potAdc.o
 .bss.count.1796
                0x00800098        0x1 src/apps/Fredi/potAdc.o
 .bss.deltaFilterState.1786
                0x00800099        0x2 src/apps/Fredi/potAdc.o
 .bss.potAdcRawValue
                0x0080009b        0x2 src/apps/Fredi/potAdc.o
                0x0080009b                potAdcRawValue
 .bss.potAdcSpeedValue
                0x0080009d        0x1 src/apps/Fredi/potAdc.o
                0x0080009d                potAdcSpeedValue
 .bss.DelayTimerTicks
                0x0080009e        0x2 src/avr-base/systimer.o
                0x0080009e                DelayTimerTicks
 .bss.FastTimerTicks
                0x008000a0        0x1 src/avr-base/systimer.o
                0x008000a0                FastTimerTicks
 .bss.SlowTimerTicks
                0x008000a1        0x1 src/avr-base/systimer.o
                0x008000a1                SlowTimerTicks
 .bss.SlowTimerAccumulator
                0x008000a2        0x1 src/avr-base/systimer.o
                0x008000a2                SlowTimerAccumulator
 .bss.FastTimerActionList
                0x008000a3        0x2 src/avr-base/systimer.o
 .bss.SlowTimerActionList
                0x008000a5        0x2 src/avr-base/systimer.o
 .bss.pstLnRxBuffer
                0x008000a7        0x2 src/loconet/ln_interface.o
 *(COMMON)
 COMMON         0x008000a9       0xcf src/apps/Fredi/fredi.o
                0x008000a9                MessageTimer
                0x008000b0                IncrementTimer
                0x008000b7                LEDTimer
                0x008000be                KeyTimer
                0x008000c5                RxPacket
                0x008000c7                rSlot
                0x008000d5                RxBuffer
                0x00800161                ReleaseStopTimer
                0x00800168                TxPacket
 COMMON         0x00800178        0xc src/avr-base/ln_sw_uart.o
                0x00800178                lnTxSuccess
                0x00800179                lnTxIndex
                0x0080017a                lnTxLength
                0x0080017b                lnCurrentByte
                0x0080017c                lnCompareTarget
                0x0080017e                lnRxBuffer
                0x00800180                lnState
                0x00800181                lnBitCount
                0x00800182                lnTxData
                0x00800184                PROVIDE (__bss_end, .)
                0x00001a2a                __data_load_start = LOADADDR (.data)
                0x00001a58                __data_load_end = (__data_load_start + SIZEOF (.data))

.noinit         0x00800184        0x0
                [!provide]                PROVIDE (__noinit_start, .)
 *(.noinit*)
                [!provide]                PROVIDE (__noinit_end, .)
                0x00800184                _end = .
                [!provide]                PROVIDE (__heap_start, .)

.eeprom         0x00810000        0xc
 *(.eeprom*)
 .eeprom        0x00810000        0xc src/apps/Fredi/fredi.o
                0x00810000                abEEPROM
                0x0081000c                __eeprom_end = .

.fuse
 *(.fuse)
 *(.lfuse)
 *(.hfuse)
 *(.efuse)

.lock
 *(.lock*)

.signature
 *(.signature*)

.user_signatures
 *(.user_signatures*)

.stab
 *(.stab)

.stabstr
 *(.stabstr)

.stab.excl
 *(.stab.excl)

.stab.exclstr
 *(.stab.exclstr)

.stab.index
 *(.stab.index)

.stab.indexstr
 *(.stab.indexstr)

.comment        0x00000000       0x30
 *(.comment)
 .comment       0x00000000       0x30 src/apps/Fredi/fredi.o
                                 0x31 (size before relaxing)
 .comment       0x00000030       0x31 src/apps/Fredi/potAdc.o
 .comment       0x00000030       0x31 src/avr-base/ln_sw_uart.o
 .comment       0x00000030       0x31 src/avr-base/systimer.o
 .comment       0x00000030       0x31 src/loconet/ln_buf.o
 .comment       0x00000030       0x31 src/loconet/ln_interface.o

.note.gnu.avr.deviceinfo
                0x00000000       0x3c
 .note.gnu.avr.deviceinfo
                0x00000000       0x3c C:/Program Files (x86)/Atmel/Studio/7.0/Packs/atmel/ATmega_DFP/1.2.132/gcc/dev/atmega16/avr5/crtatmega16.o

.note.gnu.build-id
 *(.note.gnu.build-id)

.debug
 *(.debug)

.line
 *(.line)

.debug_srcinfo
 *(.debug_srcinfo)

.debug_sfnames
 *(.debug_sfnames)

.debug_aranges  0x00000000      0x248
 *(.debug_aranges)
 .debug_aranges
                0x00000000       0xe0 src/apps/Fredi/fredi.o
 .debug_aranges
                0x000000e0       0x30 src/apps/Fredi/potAdc.o
 .debug_aranges
                0x00000110       0x38 src/avr-base/ln_sw_uart.o
 .debug_aranges
                0x00000148       0x48 src/avr-base/systimer.o
 .debug_aranges
                0x00000190       0x38 src/loconet/ln_buf.o
 .debug_aranges
                0x000001c8       0x40 src/loconet/ln_interface.o
 .debug_aranges
                0x00000208       0x20 C:/Program Files (x86)/Atmel/Studio/7.0/Packs/atmel/ATmega_DFP/1.2.132/gcc/dev/atmega16/avr5\libatmega16.a(eerd_byte.o)
 .debug_aranges
                0x00000228       0x20 C:/Program Files (x86)/Atmel/Studio/7.0/Packs/atmel/ATmega_DFP/1.2.132/gcc/dev/atmega16/avr5\libatmega16.a(eewr_byte.o)

.debug_pubnames
 *(.debug_pubnames)

.debug_info     0x00000000     0x63c5
 *(.debug_info .gnu.linkonce.wi.*)
 .debug_info    0x00000000      0x52e C:/Program Files (x86)/Atmel/Studio/7.0/Packs/atmel/ATmega_DFP/1.2.132/gcc/dev/atmega16/avr5/crtatmega16.o
 .debug_info    0x0000052e     0x24c5 src/apps/Fredi/fredi.o
 .debug_info    0x000029f3      0x226 src/apps/Fredi/potAdc.o
 .debug_info    0x00002c19     0x11df src/avr-base/ln_sw_uart.o
 .debug_info    0x00003df8      0x2d8 src/avr-base/systimer.o
 .debug_info    0x000040d0     0x1062 src/loconet/ln_buf.o
 .debug_info    0x00005132     0x113f src/loconet/ln_interface.o
 .debug_info    0x00006271       0xaa C:/Program Files (x86)/Atmel/Studio/7.0/Packs/atmel/ATmega_DFP/1.2.132/gcc/dev/atmega16/avr5\libatmega16.a(eerd_byte.o)
 .debug_info    0x0000631b       0xaa C:/Program Files (x86)/Atmel/Studio/7.0/Packs/atmel/ATmega_DFP/1.2.132/gcc/dev/atmega16/avr5\libatmega16.a(eewr_byte.o)

.debug_abbrev   0x00000000      0xff6
 *(.debug_abbrev)
 .debug_abbrev  0x00000000      0x4e7 C:/Program Files (x86)/Atmel/Studio/7.0/Packs/atmel/ATmega_DFP/1.2.132/gcc/dev/atmega16/avr5/crtatmega16.o
 .debug_abbrev  0x000004e7      0x2d4 src/apps/Fredi/fredi.o
 .debug_abbrev  0x000007bb       0xfe src/apps/Fredi/potAdc.o
 .debug_abbrev  0x000008b9      0x255 src/avr-base/ln_sw_uart.o
 .debug_abbrev  0x00000b0e      0x14e src/avr-base/systimer.o
 .debug_abbrev  0x00000c5c      0x1b7 src/loconet/ln_buf.o
 .debug_abbrev  0x00000e13      0x1bb src/loconet/ln_interface.o
 .debug_abbrev  0x00000fce       0x14 C:/Program Files (x86)/Atmel/Studio/7.0/Packs/atmel/ATmega_DFP/1.2.132/gcc/dev/atmega16/avr5\libatmega16.a(eerd_byte.o)
 .debug_abbrev  0x00000fe2       0x14 C:/Program Files (x86)/Atmel/Studio/7.0/Packs/atmel/ATmega_DFP/1.2.132/gcc/dev/atmega16/avr5\libatmega16.a(eewr_byte.o)

.debug_line     0x00000000     0x289c
 *(.debug_line .debug_line.* .debug_line_end)
 .debug_line    0x00000000      0x115 C:/Program Files (x86)/Atmel/Studio/7.0/Packs/atmel/ATmega_DFP/1.2.132/gcc/dev/atmega16/avr5/crtatmega16.o
 .debug_line    0x00000115     0x111b src/apps/Fredi/fredi.o
 .debug_line    0x00001230      0x314 src/apps/Fredi/potAdc.o
 .debug_line    0x00001544      0x601 src/avr-base/ln_sw_uart.o
 .debug_line    0x00001b45      0x43e src/avr-base/systimer.o
 .debug_line    0x00001f83      0x442 src/loconet/ln_buf.o
 .debug_line    0x000023c5      0x3c5 src/loconet/ln_interface.o
 .debug_line    0x0000278a       0x7a C:/Program Files (x86)/Atmel/Studio/7.0/Packs/atmel/ATmega_DFP/1.2.132/gcc/dev/atmega16/avr5\libatmega16.a(eerd_byte.o)
 .debug_line    0x00002804       0x98 C:/Program Files (x86)/Atmel/Studio/7.0/Packs/atmel/ATmega_DFP/1.2.132/gcc/dev/atmega16/avr5\libatmega16.a(eewr_byte.o)

.debug_frame    0x00000000      0x51c
 *(.debug_frame)
 .debug_frame   0x00000000      0x204 src/apps/Fredi/fredi.o
 .debug_frame   0x00000204       0x44 src/apps/Fredi/potAdc.o
 .debug_frame   0x00000248       0xd4 src/avr-base/ln_sw_uart.o
 .debug_frame   0x0000031c       0xa4 src/avr-base/systimer.o
 .debug_frame   0x000003c0       0xb4 src/loconet/ln_buf.o
 .debug_frame   0x00000474       0xa8 src/loconet/ln_interface.o

.debug_str      0x00000000     0x93cf
 *(.debug_str)
 .debug_str     0x00000000      0x1af C:/Program Files (x86)/Atmel/Studio/7.0/Packs/atmel/ATmega_DFP/1.2.132/gcc/dev/atmega16/avr5/crtatmega16.o
 .debug_str     0x000001af     0x88b5 src/apps/Fredi/fredi.o
                               0x8aa8 (size before relaxing)
 .debug_str     0x00008a64      0x2fc src/apps/Fredi/potAdc.o
                               0x6b00 (size before relaxing)
 .debug_str     0x00008d60      0x3f5 src/avr-base/ln_sw_uart.o
                               0x8334 (size before relaxing)
 .debug_str     0x00009155      0x145 src/avr-base/systimer.o
                               0x6bc5 (size before relaxing)
 .debug_str     0x0000929a       0xad src/loconet/ln_buf.o
                               0x75a1 (size before relaxing)
 .debug_str     0x00009347       0x88 src/loconet/ln_interface.o
                               0x81b3 (size before relaxing)

.debug_loc      0x00000000     0x122c
 *(.debug_loc)
 .debug_loc     0x00000000      0x6eb src/apps/Fredi/fredi.o
 .debug_loc     0x000006eb       0x49 src/apps/Fredi/potAdc.o
 .debug_loc     0x00000734      0x354 src/avr-base/ln_sw_uart.o
 .debug_loc     0x00000a88      0x1df src/avr-base/systimer.o
 .debug_loc     0x00000c67      0x2ad src/loconet/ln_buf.o
 .debug_loc     0x00000f14      0x318 src/loconet/ln_interface.o

.debug_macinfo
 *(.debug_macinfo)

.debug_weaknames
 *(.debug_weaknames)

.debug_funcnames
 *(.debug_funcnames)

.debug_typenames
 *(.debug_typenames)

.debug_varnames
 *(.debug_varnames)

.debug_pubtypes
 *(.debug_pubtypes)

.debug_ranges   0x00000000      0x1c0
 *(.debug_ranges)
 .debug_ranges  0x00000000       0xd0 src/apps/Fredi/fredi.o
 .debug_ranges  0x000000d0       0x20 src/apps/Fredi/potAdc.o
 .debug_ranges  0x000000f0       0x40 src/avr-base/ln_sw_uart.o
 .debug_ranges  0x00000130       0x38 src/avr-base/systimer.o
 .debug_ranges  0x00000168       0x28 src/loconet/ln_buf.o
 .debug_ranges  0x00000190       0x30 src/loconet/ln_interface.o

.debug_macro    0x00000000     0x3340
 *(.debug_macro)
 .debug_macro   0x00000000      0x11e src/apps/Fredi/fredi.o
 .debug_macro   0x0000011e      0xa4e src/apps/Fredi/fredi.o
 .debug_macro   0x00000b6c      0x1c9 src/apps/Fredi/fredi.o
 .debug_macro   0x00000d35       0x10 src/apps/Fredi/fredi.o
 .debug_macro   0x00000d45      0x302 src/apps/Fredi/fredi.o
 .debug_macro   0x00001047       0x9e src/apps/Fredi/fredi.o
 .debug_macro   0x000010e5      0xc0a src/apps/Fredi/fredi.o
 .debug_macro   0x00001cef      0x170 src/apps/Fredi/fredi.o
 .debug_macro   0x00001e5f       0xbd src/apps/Fredi/fredi.o
 .debug_macro   0x00001f1c       0x34 src/apps/Fredi/fredi.o
 .debug_macro   0x00001f50       0x18 src/apps/Fredi/fredi.o
 .debug_macro   0x00001f68       0x6c src/apps/Fredi/fredi.o
 .debug_macro   0x00001fd4       0x69 src/apps/Fredi/fredi.o
 .debug_macro   0x0000203d      0x16d src/apps/Fredi/fredi.o
 .debug_macro   0x000021aa       0x39 src/apps/Fredi/fredi.o
 .debug_macro   0x000021e3      0x327 src/apps/Fredi/fredi.o
 .debug_macro   0x0000250a       0x46 src/apps/Fredi/fredi.o
 .debug_macro   0x00002550      0x344 src/apps/Fredi/fredi.o
 .debug_macro   0x00002894       0x2e src/apps/Fredi/fredi.o
 .debug_macro   0x000028c2       0x1c src/apps/Fredi/fredi.o
 .debug_macro   0x000028de       0x10 src/apps/Fredi/fredi.o
 .debug_macro   0x000028ee       0xd6 src/apps/Fredi/potAdc.o
 .debug_macro   0x000029c4       0x1c src/apps/Fredi/potAdc.o
 .debug_macro   0x000029e0      0x10e src/apps/Fredi/potAdc.o
 .debug_macro   0x00002aee       0x66 src/apps/Fredi/potAdc.o
 .debug_macro   0x00002b54      0x13f src/avr-base/ln_sw_uart.o
 .debug_macro   0x00002c93      0x2fc src/avr-base/ln_sw_uart.o
 .debug_macro   0x00002f8f       0x16 src/avr-base/ln_sw_uart.o
 .debug_macro   0x00002fa5       0x97 src/avr-base/ln_sw_uart.o
 .debug_macro   0x0000303c       0x16 src/avr-base/ln_sw_uart.o
 .debug_macro   0x00003052       0xc9 src/avr-base/systimer.o
 .debug_macro   0x0000311b       0x63 src/avr-base/systimer.o
 .debug_macro   0x0000317e       0xdb src/loconet/ln_buf.o
 .debug_macro   0x00003259       0xe7 src/loconet/ln_interface.o
OUTPUT(ATMega16.elf elf32-avr)
LOAD linker stubs
